// Jest Snapshot v1, https://goo.gl/fbAQLP

exports[`Button should render Button 1`] = `
<button
  className="default"
>
  Hey
</button>
`;

exports[`Button should render an emoji type button 1`] = `
<button
  className="emoji"
>
  <span
    aria-label="My emoji button"
    role="img"
  >
    ðŸ¤˜
  </span>
</button>
`;
